
[7m[1m[36m RUN [39m[22m[27m [36mv1.6.1[39m [90mC:/Users/dz-mr/Documents/SandBox/Team Management Platform/frontend[39m

 [33mΓ¥»[39m src/test/integration/RbacIsolation.test.tsx [2m ([22m[2m0 test[22m[2m)[22m

node.exe : 
[31mΓÄ»ΓÄ»ΓÄ»ΓÄ»ΓÄ»ΓÄ»[1m[7m 
Failed Suites 1 
[27m[22mΓÄ»ΓÄ»ΓÄ»ΓÄ»ΓÄ»ΓÄ»ΓÄ»[39m
At line:1 char:1
+ & "C:\Program 
Files\nodejs/node.exe" "C:\Program 
Files\nodejs/node_mo ...
+ ~~~~~~~~~~~~~~~~~~~~~~~~~~~~~~~~~~~
~~~~~~~~~~~~~~~~~~~~~~~~~~~~~~~~~~
    + CategoryInfo          : 
NotSpeci    fied: 
([31mΓÄ»ΓÄ»ΓÄ»Γ...»ΓÄ»ΓÄ»ΓÄ    
»[39m:String) [], RemoteException
    + FullyQualifiedErrorId : 
NativeCo    mmandError
 

[31m[1m[7m FAIL [27m[22m[39m sr
c/test/integration/RbacIsolation.test
.tsx [2m[ src/test/integration/RbacI
solation.test.tsx ][22m
[31m[1mError[22m: Failed to 
resolve import "react-redux" from 
"src/test/utils.tsx". Does the file 
exist?[39m
[90m [2mΓ¥»[22m 
TransformPluginContext._formatError .
./../Team%20Management%20Platform/fro
ntend/node_modules/vite/dist/node/chu
nks/dep-BK3b2jBa.js:[2m49258:41[22m
[39m
[90m [2mΓ¥»[22m 
TransformPluginContext.error ../../Te
am%20Management%20Platform/frontend/n
ode_modules/vite/dist/node/chunks/dep
-BK3b2jBa.js:[2m49253:16[22m[39m
[90m [2mΓ¥»[22m normalizeUrl ../..
/Team%20Management%20Platform/fronten
d/node_modules/vite/dist/node/chunks/
dep-BK3b2jBa.js:[2m64307:23[22m[39
m
[90m [2mΓ¥»[22m async file:/C:/Use
rs/dz-mr/Documents/SandBox/Team%20Man
agement%20Platform/frontend/node_modu
les/vite/dist/node/chunks/dep-BK3b2jB
a.js:[2m64439:39[22m[39m
[90m [2mΓ¥»[22m 
TransformPluginContext.transform ../.
./Team%20Management%20Platform/fronte
nd/node_modules/vite/dist/node/chunks
/dep-BK3b2jBa.js:[2m64366:7[22m[39
m
[90m [2mΓ¥»[22m 
PluginContainer.transform ../../Team%
20Management%20Platform/frontend/node
_modules/vite/dist/node/chunks/dep-BK
3b2jBa.js:[2m49099:18[22m[39m
[90m [2mΓ¥»[22m loadAndTransform .
./../Team%20Management%20Platform/fro
ntend/node_modules/vite/dist/node/chu
nks/dep-BK3b2jBa.js:[2m51978:27[22m
[39m

[31m[2mΓÄ»ΓÄ»ΓÄ»ΓÄ»ΓÄ»ΓÄ»ΓÄ»ΓÄ»ΓÄ»Γ
Ä»ΓÄ»ΓÄ»ΓÄ»ΓÄ»ΓÄ»ΓÄ»ΓÄ»ΓÄ»ΓÄ»ΓÄ»ΓÄ»ΓÄ
»ΓÄ»ΓÄ»[1/1]ΓÄ»[22m[39m

[2m Test Files [22m [1m[31m1 failed[39m[22m[90m (1)[39m
[2m      Tests [22m [2mno tests[22m
[2m   Start at [22m 22:15:38
[2m   Duration [22m 1.62s[2m (transform 42ms, setup 97ms, collect 0ms, tests 0ms, environment 629ms, prepare 341ms)[22m

