======================================================================
FINAL CSRF LOGIN TEST - WITH CORRECT COOKIE NAMES
======================================================================

[1] CSRF Cookie Request: 204 No Content
  Cookie: XSRF-TOKEN = eyJpdiI6Im9POEJidjFiM256amJ3VmF5RzB3UUE9...
  Cookie: team_management_platform_session = eyJpdiI6IjNJVUQyNFo5UlQ5R3Fna0ZuVTMyWFE9...
python : Traceback (most recent call 
last):
At line:1 char:1
+ python backend\test_login_fixed.py 
> backend\test_output.txt 2>&1; ca 
...
+ ~~~~~~~~~~~~~~~~~~~~~~~~~~~~~~~~~~~
~~~~~~~~~~~~~~~~~~~~~~~~~~~~~~
    + CategoryInfo          : NotSpe 
   cified: (Traceback (most recent   
  call last)::String) [], RemoteEx   
 ception
    + FullyQualifiedErrorId : Native 
   CommandError
 
  File "C:\Users\dz-mr\Documents\Sand
Box\Team Management Platform\backend\
test_login_fixed.py", line 43, in 
<module>
    print(f"\n\u2705 Both cookies 
received")
    
~~~~~^^^^^^^^^^^^^^^^^^^^^^^^^^^^^^^
  File "C:\Python314\Lib\encodings\cp
1252.py", line 19, in encode
    return codecs.charmap_encode(inpu
t,self.errors,encoding_table)[0]
           ~~~~~~~~~~~~~~~~~~~~~^^^^^
^^^^^^^^^^^^^^^^^^^^^^^^^^^^^
UnicodeEncodeError: 'charmap' codec 
can't encode character '\u2705' in 
position 2: character maps to 
<undefined>
